<!DOCTYPE html>
<html>

<head>
  <meta charset="utf-8">
  <meta http-equiv="X-UA-Compatible" content="IE=edge">
  <meta name="generator" content="MarkBind 5.2.0">
  <meta name="viewport" content="width=device-width, initial-scale=1">
  <title>Tutorial: Adding feature - ProjectEx</title>
  <link rel="stylesheet" href="/markbind/css/bootstrap.min.css">
  <link rel="stylesheet" href="/markbind/fontawesome/css/all.min.css">
  <link rel="stylesheet" href="/markbind/glyphicons/css/bootstrap-glyphicons.min.css">
  <link rel="stylesheet" href="/markbind/css/codeblock-light.min.css">
  <link rel="stylesheet" href="/markbind/css/markbind.min.css">
  <script src="/markbind/js/polyfill.min.js"></script>
  <script src="/markbind/js/vue.min.js"></script>
  <script src="/markbind/js/markbind.min.js"></script>
  <script src="AddingFeature.page-vue-render.js"></script>
  <link rel="stylesheet" href="/plugins/markbind-plugin-anchors/markbind-plugin-anchors.css">
  <link rel="stylesheet" href="/plugins/markbind-plugin-tree/markbind-plugin-tree.css">

  <link rel="stylesheet" href="/stylesheets/main.css">
  <link rel="icon" href="/images/SeEduLogo.png">
</head>
<script>
  const baseUrl = ''
</script>

<body data-bs-spy="scroll" data-bs-target="#mb-page-nav" data-bs-offset="100">
  <div id="app">
    <header sticky>
      <navbar type="dark">
        <template #brand><a href="/index.html" title="Home" class="navbar-brand">ProjectEx</a></template>
        <li><a href="/UserGuide.html" class="nav-link">User Guide</a></li>
        <li><a href="/DeveloperGuide.html" class="nav-link">Developer Guide</a></li>
        <li><a href="/AboutUs.html" class="nav-link">About Us</a></li>
        <li><a href="https://github.com/se-edu" target="_blank" class="nav-link"><span><span aria-hidden="true" class="fab fa-github"></span></span></a></li>
        <template #right>
          <li>
            <form class="navbar-form">
              <searchbar :data="searchData" placeholder="Search" :on-hit="searchCallback" menu-align-right></searchbar>
            </form>
          </li>
        </template>
      </navbar>
    </header>
    <div id="flex-body">
      <overlay-source id="site-nav" tag-name="nav" to="site-nav">
        <div class="site-nav-top">
          <div class="fw-bold mb-2" style="font-size: 1.25rem;">Site Map</div>
        </div>
        <div class="nav-component slim-scroll">
          <site-nav>
            <overlay-source class="site-nav-list site-nav-list-root" tag-name="ul" to="mb-site-nav">
              <li>
                <div class="site-nav-default-list-item site-nav-list-item-0" onclick="handleSiteNavClick(this)"><a href="/index.html">Home</a></div>
              </li>
              <li>
                <div class="site-nav-default-list-item site-nav-list-item-0" onclick="handleSiteNavClick(this)"><a href="/UserGuide.html">User Guide</a>

                  <div class="site-nav-dropdown-btn-container"><i class="site-nav-dropdown-btn-icon site-nav-rotate-icon" onclick="handleSiteNavClick(this.parentNode.parentNode, false); event.stopPropagation();">
                      <span class="glyphicon glyphicon-menu-down" aria-hidden="true"></span>
                    </i></div>
                </div>
                <ul class="site-nav-dropdown-container site-nav-dropdown-container-open site-nav-list">
                  <li>
                    <div class="site-nav-default-list-item site-nav-list-item-1" onclick="handleSiteNavClick(this)"><a href="/UserGuide.html#quick-start">Quick Start</a></div>
                  </li>
                  <li>
                    <div class="site-nav-default-list-item site-nav-list-item-1" onclick="handleSiteNavClick(this)"><a href="/UserGuide.html#features">Features</a></div>
                  </li>
                  <li>
                    <div class="site-nav-default-list-item site-nav-list-item-1" onclick="handleSiteNavClick(this)"><a href="/UserGuide.html#faq">FAQ</a></div>
                  </li>
                </ul>
              </li>
              <li>
                <div class="site-nav-default-list-item site-nav-list-item-0" onclick="handleSiteNavClick(this)"><a href="/DeveloperGuide.html">Developer Guide</a>

                  <div class="site-nav-dropdown-btn-container"><i class="site-nav-dropdown-btn-icon site-nav-rotate-icon" onclick="handleSiteNavClick(this.parentNode.parentNode, false); event.stopPropagation();">
                      <span class="glyphicon glyphicon-menu-down" aria-hidden="true"></span>
                    </i></div>
                </div>
                <ul class="site-nav-dropdown-container site-nav-dropdown-container-open site-nav-list">
                  <li>
                    <div class="site-nav-default-list-item site-nav-list-item-1" onclick="handleSiteNavClick(this)"><a href="/DeveloperGuide.html#acknowledgements">Acknowledgements</a></div>
                  </li>
                  <li>
                    <div class="site-nav-default-list-item site-nav-list-item-1" onclick="handleSiteNavClick(this)"><a href="/DeveloperGuide.html#setting-up-getting-started">Setting Up</a></div>
                  </li>
                  <li>
                    <div class="site-nav-default-list-item site-nav-list-item-1" onclick="handleSiteNavClick(this)"><a href="/DeveloperGuide.html#design">Design</a></div>
                  </li>
                  <li>
                    <div class="site-nav-default-list-item site-nav-list-item-1" onclick="handleSiteNavClick(this)"><a href="/DeveloperGuide.html#implementation">Implementation</a></div>
                  </li>
                  <li>
                    <div class="site-nav-default-list-item site-nav-list-item-1" onclick="handleSiteNavClick(this)"><a href="/DeveloperGuide.html#project-guides">Project Guides</a></div>
                  </li>
                  <li>
                    <div class="site-nav-default-list-item site-nav-list-item-1" onclick="handleSiteNavClick(this)"><a href="/DeveloperGuide.html#appendix-requirements">Appendix: Requirements</a></div>
                  </li>
                  <li>
                    <div class="site-nav-default-list-item site-nav-list-item-1" onclick="handleSiteNavClick(this)"><a href="/DeveloperGuide.html#appendix-instructions-for-manual-testing">Appendix: Instructions for manual testing</a></div>
                  </li>
                </ul>
              </li>
              <li>
                <div class="site-nav-default-list-item site-nav-list-item-0" onclick="handleSiteNavClick(this)">Tutorials

                  <div class="site-nav-dropdown-btn-container"><i class="site-nav-dropdown-btn-icon" onclick="handleSiteNavClick(this.parentNode.parentNode, false); event.stopPropagation();">
                      <span class="glyphicon glyphicon-menu-down" aria-hidden="true"></span>
                    </i></div>
                </div>
                <ul class="site-nav-dropdown-container site-nav-list">
                  <li>
                    <div class="site-nav-default-list-item site-nav-list-item-1" onclick="handleSiteNavClick(this)"><a href="/tutorials/TracingCode.html">Tracing code</a></div>
                  </li>
                  <li>
                    <div class="site-nav-default-list-item site-nav-list-item-1" onclick="handleSiteNavClick(this)"><a href="/tutorials/AddingFeature.html">Adding feature</a></div>
                  </li>
                  <li>
                    <div class="site-nav-default-list-item site-nav-list-item-1" onclick="handleSiteNavClick(this)"><a href="/tutorials/RemovingFeature.html">Removing Feature</a></div>
                  </li>
                </ul>
              </li>
              <li>
                <div class="site-nav-default-list-item site-nav-list-item-0" onclick="handleSiteNavClick(this)"><a href="/AboutUs.html">About Us</a></div>
              </li>
            </overlay-source>
          </site-nav>
        </div>
      </overlay-source>
      <div id="content-wrapper">

        <h1 id="tutorial-adding-feature">Tutorial: Adding feature<a class="fa fa-anchor" href="#tutorial-adding-feature" onclick="event.stopPropagation()"></a></h1>
        <box type="tip">
          This page can be taken as a reference on how to add new features to your project.
        </box>
        <p>Let's walk you through the implementation of a new feature.</p>
        <p>We’ll assume that you have already set up the development environment as outlined in the Developer’s Guide.</p>
        <h2 id="create-a-new-feature">Create a new feature<a class="fa fa-anchor" href="#create-a-new-feature" onclick="event.stopPropagation()"></a></h2>
        <p>Description of the feature to be added and brief explanation of the changes to be made.</p>
        <h3 id="add-a-new-featurex-class">Add a new <code class="hljs inline no-lang" v-pre>FeatureX</code> class<a class="fa fa-anchor" href="#add-a-new-featurex-class" onclick="event.stopPropagation()"></a></h3>
        <p>This section teaches you how to add a new class to the project. This includes creating the class, adding the necessary fields and methods, and updating the necessary classes to use the new class.</p>
        <box type="tip" seamless>
          <p><strong>Tip:</strong> You can use a combination of Markbind's <a href="https://markbind.org/userGuide/components/imagesAndDiagrams.html"><strong>Images and Diagrams</strong></a> features such as <code class="hljs inline no-lang" v-pre>puml</code> and <code class="hljs inline no-lang" v-pre>pic</code> tags to provide a visual representation of the steps to be taken. <a href="https://markbind.org/userGuide/formattingContents.html#code"><strong>Code blocks</strong></a> can also be used as shown below.</p>
        </box>
        <pre><code class="hljs java" v-pre><span><span class="hljs-keyword">public</span> <span class="hljs-class"><span class="hljs-keyword">interface</span> <span class="hljs-title">Example</span> </span>{
</span><span>    <span class="hljs-comment">/**</span>
</span><span><span class="hljs-comment">     * Executes returns the output.</span>
</span><span><span class="hljs-comment">     * <span class="hljs-doctag">@param</span> exampleInput The input as entered by the user.</span>
</span><span><span class="hljs-comment">     * <span class="hljs-doctag">@return</span> The example output.</span>
</span><span><span class="hljs-comment">     * <span class="hljs-doctag">@throws</span> ExampleException If an error occurs.</span>
</span><span><span class="hljs-comment">     */</span>
</span><span>    <span class="hljs-function">ExampleOutput <span class="hljs-title">execute</span><span class="hljs-params">(String exampleInput)</span> <span class="hljs-keyword">throws</span> ExampleException</span>;
</span><span>...
</span><span>}
</span></code></pre>
        <h2 id="modify-featurea-to-support-the-new-featurex-feature">Modify <code class="hljs inline no-lang" v-pre>FeatureA</code> to support the new <code class="hljs inline no-lang" v-pre>FeatureX</code> feature<a class="fa fa-anchor" href="#modify-featurea-to-support-the-new-featurex-feature" onclick="event.stopPropagation()"></a></h2>
        <p>This section teaches you how to modify an existing class to support the new feature. This includes adding new fields and methods, and updating the necessary classes to use the new feature.</p>
        <box type="tip" seamless>
          <p><strong>Tip:</strong> You can use a list of steps to guide the reader through the process of tracing the execution path. This can be done using Markbind's <a href="https://markbind.org/userGuide/formattingContents.html#lists"><strong>Lists</strong></a> feature.</p>
        </box>
        <ol>
          <li>
            <p>Firstly, do this.</p>
          </li>
          <li>
            <p>Next, do that.</p>
          </li>
          <li>
            <p>Finally, do this.</p>
          </li>
        </ol>
        <h2 id="writing-tests">Writing tests<a class="fa fa-anchor" href="#writing-tests" onclick="event.stopPropagation()"></a></h2>
        <p>Tests are crucial to ensuring that bugs don’t slip into the codebase unnoticed. This is especially true for large code bases where a change might lead to unintended behavior.</p>
        <p>Let’s verify the correctness of our code by writing some tests!</p>
        <h3 id="manually-writing-tests">Manually writing tests<a class="fa fa-anchor" href="#manually-writing-tests" onclick="event.stopPropagation()"></a></h3>
        <p>The goal is to write effective and efficient tests to ensure that <code class="hljs inline no-lang" v-pre>FeatureX</code> behaves as expected.</p>
        <p>The convention for test names is <code class="hljs inline no-lang" v-pre>methodName_testScenario_expectedResult</code>. An example would be
          <code class="hljs inline no-lang" v-pre>execute_filteredList_success</code>.
        </p>
        <p>Let’s create a test for <code class="hljs inline no-lang" v-pre>FeatureX</code> to test that it works.</p>
        <box type="tip" seamless>
          <p><strong>Tip:</strong> <a href="https://markbind.org/userGuide/formattingContents.html#code"><strong>Code blocks</strong></a> will be especially useful in visually showing what test code would look like, coded in your desired format.</p>
        </box>
        <h2 id="conclusion">Conclusion<a class="fa fa-anchor" href="#conclusion" onclick="event.stopPropagation()"></a></h2>
        <p>This concludes the tutorial for adding a new feature.</p>
      </div>
      <overlay-source id="page-nav" tag-name="nav" to="page-nav">
        <div class="nav-component slim-scroll">

          <overlay-source id="mb-page-nav" tag-name="nav" to="mb-page-nav" class="nav nav-pills flex-column my-0 small no-flex-wrap">
            <a class="nav-link py-1" href="#tutorial-adding-feature" v-pre>Tutorial: Adding feature&#x200E;</a>
            <nav class="nav nav-pills flex-column my-0 nested no-flex-wrap">
              <a class="nav-link py-1" href="#create-a-new-feature" v-pre>Create a new feature&#x200E;</a>
              <nav class="nav nav-pills flex-column my-0 nested no-flex-wrap">
                <a class="nav-link py-1" href="#add-a-new-featurex-class" v-pre>Add a new FeatureX class&#x200E;</a>
              </nav>
              <a class="nav-link py-1" href="#modify-featurea-to-support-the-new-featurex-feature" v-pre>Modify FeatureA to support the new FeatureX feature&#x200E;</a>
              <a class="nav-link py-1" href="#writing-tests" v-pre>Writing tests&#x200E;</a>
              <nav class="nav nav-pills flex-column my-0 nested no-flex-wrap">
                <a class="nav-link py-1" href="#manually-writing-tests" v-pre>Manually writing tests&#x200E;</a>
              </nav>
              <a class="nav-link py-1" href="#conclusion" v-pre>Conclusion&#x200E;</a>
            </nav>

          </overlay-source>
        </div>
      </overlay-source>
      <scroll-top-button></scroll-top-button>
    </div>
    <footer>

      <div class="text-center">
        <small>[<span><strong>Powered by</strong></span> <img src="https://markbind.org/favicon.ico" width="30"> <a href="https://markbind.org/">MarkBind 5.2.0</a>]</small>
      </div>
    </footer>
  </div>
</body>
<script src="/markbind/js/bootstrap-utility.min.js"></script>
<script>
  MarkBind.setupWithSearch()
</script>

</html>