<!DOCTYPE html>
<html>

<head>
  <meta charset="utf-8">
  <meta http-equiv="X-UA-Compatible" content="IE=edge">
  <meta name="generator" content="MarkBind 5.2.0">
  <meta name="viewport" content="width=device-width, initial-scale=1">
  <title>Tutorial: Removing feature - ProjectEx</title>
  <link rel="stylesheet" href="/markbind/css/bootstrap.min.css">
  <link rel="stylesheet" href="/markbind/fontawesome/css/all.min.css">
  <link rel="stylesheet" href="/markbind/glyphicons/css/bootstrap-glyphicons.min.css">
  <link rel="stylesheet" href="/markbind/css/codeblock-light.min.css">
  <link rel="stylesheet" href="/markbind/css/markbind.min.css">
  <script src="/markbind/js/polyfill.min.js"></script>
  <script src="/markbind/js/vue.min.js"></script>
  <script src="/markbind/js/markbind.min.js"></script>
  <script src="RemovingFeature.page-vue-render.js"></script>
  <link rel="stylesheet" href="/plugins/markbind-plugin-anchors/markbind-plugin-anchors.css">
  <link rel="stylesheet" href="/plugins/markbind-plugin-tree/markbind-plugin-tree.css">

  <link rel="stylesheet" href="/stylesheets/main.css">
  <link rel="icon" href="/images/SeEduLogo.png">
</head>
<script>
  const baseUrl = ''
</script>

<body data-bs-spy="scroll" data-bs-target="#mb-page-nav" data-bs-offset="100">
  <div id="app">
    <header sticky>
      <navbar type="dark">
        <template #brand><a href="/index.html" title="Home" class="navbar-brand">ProjectEx</a></template>
        <li><a href="/UserGuide.html" class="nav-link">User Guide</a></li>
        <li><a href="/DeveloperGuide.html" class="nav-link">Developer Guide</a></li>
        <li><a href="/AboutUs.html" class="nav-link">About Us</a></li>
        <li><a href="https://github.com/se-edu" target="_blank" class="nav-link"><span><span aria-hidden="true" class="fab fa-github"></span></span></a></li>
        <template #right>
          <li>
            <form class="navbar-form">
              <searchbar :data="searchData" placeholder="Search" :on-hit="searchCallback" menu-align-right></searchbar>
            </form>
          </li>
        </template>
      </navbar>
    </header>
    <div id="flex-body">
      <overlay-source id="site-nav" tag-name="nav" to="site-nav">
        <div class="site-nav-top">
          <div class="fw-bold mb-2" style="font-size: 1.25rem;">Site Map</div>
        </div>
        <div class="nav-component slim-scroll">
          <site-nav>
            <overlay-source class="site-nav-list site-nav-list-root" tag-name="ul" to="mb-site-nav">
              <li>
                <div class="site-nav-default-list-item site-nav-list-item-0" onclick="handleSiteNavClick(this)"><a href="/index.html">Home</a></div>
              </li>
              <li>
                <div class="site-nav-default-list-item site-nav-list-item-0" onclick="handleSiteNavClick(this)"><a href="/UserGuide.html">User Guide</a>

                  <div class="site-nav-dropdown-btn-container"><i class="site-nav-dropdown-btn-icon site-nav-rotate-icon" onclick="handleSiteNavClick(this.parentNode.parentNode, false); event.stopPropagation();">
                      <span class="glyphicon glyphicon-menu-down" aria-hidden="true"></span>
                    </i></div>
                </div>
                <ul class="site-nav-dropdown-container site-nav-dropdown-container-open site-nav-list">
                  <li>
                    <div class="site-nav-default-list-item site-nav-list-item-1" onclick="handleSiteNavClick(this)"><a href="/UserGuide.html#quick-start">Quick Start</a></div>
                  </li>
                  <li>
                    <div class="site-nav-default-list-item site-nav-list-item-1" onclick="handleSiteNavClick(this)"><a href="/UserGuide.html#features">Features</a></div>
                  </li>
                  <li>
                    <div class="site-nav-default-list-item site-nav-list-item-1" onclick="handleSiteNavClick(this)"><a href="/UserGuide.html#faq">FAQ</a></div>
                  </li>
                </ul>
              </li>
              <li>
                <div class="site-nav-default-list-item site-nav-list-item-0" onclick="handleSiteNavClick(this)"><a href="/DeveloperGuide.html">Developer Guide</a>

                  <div class="site-nav-dropdown-btn-container"><i class="site-nav-dropdown-btn-icon site-nav-rotate-icon" onclick="handleSiteNavClick(this.parentNode.parentNode, false); event.stopPropagation();">
                      <span class="glyphicon glyphicon-menu-down" aria-hidden="true"></span>
                    </i></div>
                </div>
                <ul class="site-nav-dropdown-container site-nav-dropdown-container-open site-nav-list">
                  <li>
                    <div class="site-nav-default-list-item site-nav-list-item-1" onclick="handleSiteNavClick(this)"><a href="/DeveloperGuide.html#acknowledgements">Acknowledgements</a></div>
                  </li>
                  <li>
                    <div class="site-nav-default-list-item site-nav-list-item-1" onclick="handleSiteNavClick(this)"><a href="/DeveloperGuide.html#setting-up-getting-started">Setting Up</a></div>
                  </li>
                  <li>
                    <div class="site-nav-default-list-item site-nav-list-item-1" onclick="handleSiteNavClick(this)"><a href="/DeveloperGuide.html#design">Design</a></div>
                  </li>
                  <li>
                    <div class="site-nav-default-list-item site-nav-list-item-1" onclick="handleSiteNavClick(this)"><a href="/DeveloperGuide.html#implementation">Implementation</a></div>
                  </li>
                  <li>
                    <div class="site-nav-default-list-item site-nav-list-item-1" onclick="handleSiteNavClick(this)"><a href="/DeveloperGuide.html#project-guides">Project Guides</a></div>
                  </li>
                  <li>
                    <div class="site-nav-default-list-item site-nav-list-item-1" onclick="handleSiteNavClick(this)"><a href="/DeveloperGuide.html#appendix-requirements">Appendix: Requirements</a></div>
                  </li>
                  <li>
                    <div class="site-nav-default-list-item site-nav-list-item-1" onclick="handleSiteNavClick(this)"><a href="/DeveloperGuide.html#appendix-instructions-for-manual-testing">Appendix: Instructions for manual testing</a></div>
                  </li>
                </ul>
              </li>
              <li>
                <div class="site-nav-default-list-item site-nav-list-item-0" onclick="handleSiteNavClick(this)">Tutorials

                  <div class="site-nav-dropdown-btn-container"><i class="site-nav-dropdown-btn-icon" onclick="handleSiteNavClick(this.parentNode.parentNode, false); event.stopPropagation();">
                      <span class="glyphicon glyphicon-menu-down" aria-hidden="true"></span>
                    </i></div>
                </div>
                <ul class="site-nav-dropdown-container site-nav-list">
                  <li>
                    <div class="site-nav-default-list-item site-nav-list-item-1" onclick="handleSiteNavClick(this)"><a href="/tutorials/TracingCode.html">Tracing code</a></div>
                  </li>
                  <li>
                    <div class="site-nav-default-list-item site-nav-list-item-1" onclick="handleSiteNavClick(this)"><a href="/tutorials/AddingFeature.html">Adding feature</a></div>
                  </li>
                  <li>
                    <div class="site-nav-default-list-item site-nav-list-item-1" onclick="handleSiteNavClick(this)"><a href="/tutorials/RemovingFeature.html">Removing Feature</a></div>
                  </li>
                </ul>
              </li>
              <li>
                <div class="site-nav-default-list-item site-nav-list-item-0" onclick="handleSiteNavClick(this)"><a href="/AboutUs.html">About Us</a></div>
              </li>
            </overlay-source>
          </site-nav>
        </div>
      </overlay-source>
      <div id="content-wrapper">

        <h1 id="tutorial-removing-feature">Tutorial: Removing Feature<a class="fa fa-anchor" href="#tutorial-removing-feature" onclick="event.stopPropagation()"></a></h1>
        <blockquote>
          <p>Perfection is achieved, not when there is nothing more to add, but when there is nothing left to take away.</p>
          <p>â€” Antoine de Saint-Exupery</p>
        </blockquote>
        <box type="tip">
          This page can be taken as a reference on a tutorial on how to remove components or functions from your project.
        </box>
        <p>When working on an existing code base, you will most likely find that some features that are no longer necessary.
          This tutorial aims to give you some practice on such a code 'removal' activity by removing <code class="hljs inline no-lang" v-pre>FeatureX</code>.</p>
        <box type="success">
          <p><strong>If you have done the <a href="/tutorials/AddingFeature.html">Add <code class="hljs inline no-lang" v-pre>FeatureX</code> tutorial</a> already</strong>, you should know where the code had to be updated to add <code class="hljs inline no-lang" v-pre>FeatureX</code>. From that experience, you can deduce where the code needs to be changed to <em>remove</em> it too. The removing of the <code class="hljs inline no-lang" v-pre>FeatureX</code> can be done similarly.
            <br>
            <br>
            However, if you have no such prior knowledge, removing a feature can take a quite a bit of detective work. This tutorial takes you through that process.
          </p>
        </box>


        <h2 id="safely-deleting-featurex">Safely deleting <code class="hljs inline no-lang" v-pre>FeatureX</code><a class="fa fa-anchor" href="#safely-deleting-featurex" onclick="event.stopPropagation()"></a></h2>
        <p>Its important to ensure that no errors are introduced in the process of removing <code class="hljs inline no-lang" v-pre>FeatureX</code>.</p>
        <h3 id="refactoring-using-ide">Refactoring using IDE<a class="fa fa-anchor" href="#refactoring-using-ide" onclick="event.stopPropagation()"></a></h3>
        <p>Since removing the <code class="hljs inline no-lang" v-pre>FeatureX</code> class will break the application, we start by identifying <code class="hljs inline no-lang" v-pre>FeatureX</code>'s usages. This allows us to see code that depends on <code class="hljs inline no-lang" v-pre>FeatureX</code> to function properly and edit them on a case-by-case basis.</p>
        <box type="tip" seamless>
          <p><strong>Tip:</strong> You can use a combination of Markbind's <a href="https://markbind.org/userGuide/components/imagesAndDiagrams.html"><strong>Images and Diagrams</strong></a> features such as <code class="hljs inline no-lang" v-pre>puml</code> and <code class="hljs inline no-lang" v-pre>pic</code> tags to provide a visual representation of the steps to be taken.</p>
        </box>
        <p>Remove usages of <code class="hljs inline no-lang" v-pre>FeatureX</code> by slowly deleting references to it, one by one, in the code.</p>
        <box type="warning" seamless>
          <p><strong>Warning:</strong> Removing usages may result in errors. Exercise discretion and fix them.</p>
        </box>
        <p>After you are done, verify that the application still works by compiling and running it again.</p>
        <p>After removing <code class="hljs inline no-lang" v-pre>FeatureX</code>, we can proceed to formally test our code. If everything went well, you should have most of your tests pass. Fix any remaining errors until the tests all pass.</p>
        <h2 id="tidying-up">Tidying up<a class="fa fa-anchor" href="#tidying-up" onclick="event.stopPropagation()"></a></h2>
        <p>At this point, your application is working as intended and all your tests are passing. Whatâ€™s left to do is to clean up references to <code class="hljs inline no-lang" v-pre>FeatureX</code> in test data and documentation.</p>
        <p>You can go through each individual relevant file and manually remove <code class="hljs inline no-lang" v-pre>FeatureX</code> references.</p>
      </div>
      <overlay-source id="page-nav" tag-name="nav" to="page-nav">
        <div class="nav-component slim-scroll">

          <overlay-source id="mb-page-nav" tag-name="nav" to="mb-page-nav" class="nav nav-pills flex-column my-0 small no-flex-wrap">
            <a class="nav-link py-1" href="#tutorial-removing-feature" v-pre>Tutorial: Removing Feature&#x200E;</a>
            <nav class="nav nav-pills flex-column my-0 nested no-flex-wrap">
              <a class="nav-link py-1" href="#safely-deleting-featurex" v-pre>Safely deleting FeatureX&#x200E;</a>
              <nav class="nav nav-pills flex-column my-0 nested no-flex-wrap">
                <a class="nav-link py-1" href="#refactoring-using-ide" v-pre>Refactoring using IDE&#x200E;</a>
              </nav>
              <a class="nav-link py-1" href="#tidying-up" v-pre>Tidying up&#x200E;</a>
            </nav>

          </overlay-source>
        </div>
      </overlay-source>
      <scroll-top-button></scroll-top-button>
    </div>
    <footer>

      <div class="text-center">
        <small>[<span><strong>Powered by</strong></span> <img src="https://markbind.org/favicon.ico" width="30"> <a href="https://markbind.org/">MarkBind 5.2.0</a>]</small>
      </div>
    </footer>
  </div>
</body>
<script src="/markbind/js/bootstrap-utility.min.js"></script>
<script>
  MarkBind.setupWithSearch()
</script>

</html>