<!DOCTYPE html>
<html>

<head>
  <meta charset="utf-8">
  <meta http-equiv="X-UA-Compatible" content="IE=edge">
  <meta name="generator" content="MarkBind 5.2.0">
  <meta name="viewport" content="width=device-width, initial-scale=1">
  <title>Tutorial: Tracing code - ProjectEx</title>
  <link rel="stylesheet" href="/markbind/css/bootstrap.min.css">
  <link rel="stylesheet" href="/markbind/fontawesome/css/all.min.css">
  <link rel="stylesheet" href="/markbind/glyphicons/css/bootstrap-glyphicons.min.css">
  <link rel="stylesheet" href="/markbind/css/codeblock-light.min.css">
  <link rel="stylesheet" href="/markbind/css/markbind.min.css">
  <script src="/markbind/js/polyfill.min.js"></script>
  <script src="/markbind/js/vue.min.js"></script>
  <script src="/markbind/js/markbind.min.js"></script>
  <script src="TracingCode.page-vue-render.js"></script>
  <link rel="stylesheet" href="/plugins/markbind-plugin-anchors/markbind-plugin-anchors.css">
  <link rel="stylesheet" href="/plugins/markbind-plugin-tree/markbind-plugin-tree.css">

  <link rel="stylesheet" href="/stylesheets/main.css">
  <link rel="icon" href="/images/SeEduLogo.png">
</head>
<script>
  const baseUrl = ''
</script>

<body data-bs-spy="scroll" data-bs-target="#mb-page-nav" data-bs-offset="100">
  <div id="app">
    <header sticky>
      <navbar type="dark">
        <template #brand><a href="/index.html" title="Home" class="navbar-brand">ProjectEx</a></template>
        <li><a href="/UserGuide.html" class="nav-link">User Guide</a></li>
        <li><a href="/DeveloperGuide.html" class="nav-link">Developer Guide</a></li>
        <li><a href="/AboutUs.html" class="nav-link">About Us</a></li>
        <li><a href="https://github.com/se-edu" target="_blank" class="nav-link"><span><span aria-hidden="true" class="fab fa-github"></span></span></a></li>
        <template #right>
          <li>
            <form class="navbar-form">
              <searchbar :data="searchData" placeholder="Search" :on-hit="searchCallback" menu-align-right></searchbar>
            </form>
          </li>
        </template>
      </navbar>
    </header>
    <div id="flex-body">
      <overlay-source id="site-nav" tag-name="nav" to="site-nav">
        <div class="site-nav-top">
          <div class="fw-bold mb-2" style="font-size: 1.25rem;">Site Map</div>
        </div>
        <div class="nav-component slim-scroll">
          <site-nav>
            <overlay-source class="site-nav-list site-nav-list-root" tag-name="ul" to="mb-site-nav">
              <li>
                <div class="site-nav-default-list-item site-nav-list-item-0" onclick="handleSiteNavClick(this)"><a href="/index.html">Home</a></div>
              </li>
              <li>
                <div class="site-nav-default-list-item site-nav-list-item-0" onclick="handleSiteNavClick(this)"><a href="/UserGuide.html">User Guide</a>

                  <div class="site-nav-dropdown-btn-container"><i class="site-nav-dropdown-btn-icon site-nav-rotate-icon" onclick="handleSiteNavClick(this.parentNode.parentNode, false); event.stopPropagation();">
                      <span class="glyphicon glyphicon-menu-down" aria-hidden="true"></span>
                    </i></div>
                </div>
                <ul class="site-nav-dropdown-container site-nav-dropdown-container-open site-nav-list">
                  <li>
                    <div class="site-nav-default-list-item site-nav-list-item-1" onclick="handleSiteNavClick(this)"><a href="/UserGuide.html#quick-start">Quick Start</a></div>
                  </li>
                  <li>
                    <div class="site-nav-default-list-item site-nav-list-item-1" onclick="handleSiteNavClick(this)"><a href="/UserGuide.html#features">Features</a></div>
                  </li>
                  <li>
                    <div class="site-nav-default-list-item site-nav-list-item-1" onclick="handleSiteNavClick(this)"><a href="/UserGuide.html#faq">FAQ</a></div>
                  </li>
                </ul>
              </li>
              <li>
                <div class="site-nav-default-list-item site-nav-list-item-0" onclick="handleSiteNavClick(this)"><a href="/DeveloperGuide.html">Developer Guide</a>

                  <div class="site-nav-dropdown-btn-container"><i class="site-nav-dropdown-btn-icon site-nav-rotate-icon" onclick="handleSiteNavClick(this.parentNode.parentNode, false); event.stopPropagation();">
                      <span class="glyphicon glyphicon-menu-down" aria-hidden="true"></span>
                    </i></div>
                </div>
                <ul class="site-nav-dropdown-container site-nav-dropdown-container-open site-nav-list">
                  <li>
                    <div class="site-nav-default-list-item site-nav-list-item-1" onclick="handleSiteNavClick(this)"><a href="/DeveloperGuide.html#acknowledgements">Acknowledgements</a></div>
                  </li>
                  <li>
                    <div class="site-nav-default-list-item site-nav-list-item-1" onclick="handleSiteNavClick(this)"><a href="/DeveloperGuide.html#setting-up-getting-started">Setting Up</a></div>
                  </li>
                  <li>
                    <div class="site-nav-default-list-item site-nav-list-item-1" onclick="handleSiteNavClick(this)"><a href="/DeveloperGuide.html#design">Design</a></div>
                  </li>
                  <li>
                    <div class="site-nav-default-list-item site-nav-list-item-1" onclick="handleSiteNavClick(this)"><a href="/DeveloperGuide.html#implementation">Implementation</a></div>
                  </li>
                  <li>
                    <div class="site-nav-default-list-item site-nav-list-item-1" onclick="handleSiteNavClick(this)"><a href="/DeveloperGuide.html#project-guides">Project Guides</a></div>
                  </li>
                  <li>
                    <div class="site-nav-default-list-item site-nav-list-item-1" onclick="handleSiteNavClick(this)"><a href="/DeveloperGuide.html#appendix-requirements">Appendix: Requirements</a></div>
                  </li>
                  <li>
                    <div class="site-nav-default-list-item site-nav-list-item-1" onclick="handleSiteNavClick(this)"><a href="/DeveloperGuide.html#appendix-instructions-for-manual-testing">Appendix: Instructions for manual testing</a></div>
                  </li>
                </ul>
              </li>
              <li>
                <div class="site-nav-default-list-item site-nav-list-item-0" onclick="handleSiteNavClick(this)">Tutorials

                  <div class="site-nav-dropdown-btn-container"><i class="site-nav-dropdown-btn-icon" onclick="handleSiteNavClick(this.parentNode.parentNode, false); event.stopPropagation();">
                      <span class="glyphicon glyphicon-menu-down" aria-hidden="true"></span>
                    </i></div>
                </div>
                <ul class="site-nav-dropdown-container site-nav-list">
                  <li>
                    <div class="site-nav-default-list-item site-nav-list-item-1" onclick="handleSiteNavClick(this)"><a href="/tutorials/TracingCode.html">Tracing code</a></div>
                  </li>
                  <li>
                    <div class="site-nav-default-list-item site-nav-list-item-1" onclick="handleSiteNavClick(this)"><a href="/tutorials/AddingFeature.html">Adding feature</a></div>
                  </li>
                  <li>
                    <div class="site-nav-default-list-item site-nav-list-item-1" onclick="handleSiteNavClick(this)"><a href="/tutorials/RemovingFeature.html">Removing Feature</a></div>
                  </li>
                </ul>
              </li>
              <li>
                <div class="site-nav-default-list-item site-nav-list-item-0" onclick="handleSiteNavClick(this)"><a href="/AboutUs.html">About Us</a></div>
              </li>
            </overlay-source>
          </site-nav>
        </div>
      </overlay-source>
      <div id="content-wrapper">

        <h1 id="tutorial-tracing-code">Tutorial: Tracing code<a class="fa fa-anchor" href="#tutorial-tracing-code" onclick="event.stopPropagation()"></a></h1>
        <blockquote>
          <p>Indeed, the ratio of time spent reading versus writing is well over 10 to 1. We are constantly reading old code as part of the effort to write new code. …​[Therefore,] making it easy to read makes it easier to write.</p>
          <p>— Robert C. Martin Clean Code: A Handbook of Agile Software Craftsmanship</p>
        </blockquote>
        <box type="tip">
          This page can be taken as a reference on a tutorial on how to trace the execution path of a user command through the code base of the App.
        </box>
        <p>When trying to understand an unfamiliar code base, one common strategy used is to trace some representative execution path through the code base. One easy way to trace an execution path is to use a debugger to step through the code. In this tutorial, you will be using the IntelliJ IDEA’s debugger to trace the execution path of a specific feature.</p>


        <h2 id="before-we-start">Before we start<a class="fa fa-anchor" href="#before-we-start" onclick="event.stopPropagation()"></a></h2>
        <p>Before we jump into the code, it is useful to get an idea of the overall structure and the high-level behavior of the application. This is provided in the 'Architecture' section of the developer guide. In particular, the architecture diagram (reproduced below), tells us that the App consists of several components.</p>
        <box type="tip" seamless>
          <p>Architecture diagrams can be easily utilised with the <a href="https://markbind.org/userGuide/components/imagesAndDiagrams.html#diagrams"><code class="hljs inline no-lang" v-pre>puml</code></a> tag. The <code class="hljs inline no-lang" v-pre>src</code> attribute specifies the path to the PlantUML file.</p>
        </box>
        <pic src="/diagrams/ArchitectureDiagram.png" alt="ArchitectureDiagram"></pic>
        <p>It also has a sequence diagram (reproduced below) that tells us how a command propagates through the App.</p>
        <pic src="/diagrams/ArchitectureSequenceDiagram.png" width="550"></pic>
        <p>Before we proceed, ensure that you have done the following:</p>
        <ol>
          <li>Read the <a href="/DeveloperGuide.html#architecture"><em>Architecture</em> section of the DG</a></li>
          <li>Set up the project in Intellij IDEA</li>
          <li>Learn basic debugging features of Intellij IDEA
            <ul>
              <li>If you are using a different IDE, we'll leave it to you to figure out the equivalent feature to use in your IDE.</li>
              <li>If you are not using an IDE, we'll let you figure out how to achieve the same using your coding toolchain.</li>
            </ul>
          </li>
        </ol>
        <h2 id="setting-a-breakpoint">Setting a breakpoint<a class="fa fa-anchor" href="#setting-a-breakpoint" onclick="event.stopPropagation()"></a></h2>
        <p>As you know, the first step of debugging is to put in a breakpoint where you want the debugger to pause the execution. For example, if you are trying to understand how the App starts up, you would put a breakpoint in the first statement of the <code class="hljs inline no-lang" v-pre>main</code> method.</p>
        <box type="tip" seamless>
          <p><strong>Tip:</strong> You can use a combination of Markbind's <a href="https://markbind.org/userGuide/components/imagesAndDiagrams.html"><strong>Images and Diagrams</strong> features</a> such as <code class="hljs inline no-lang" v-pre>puml</code> and <code class="hljs inline no-lang" v-pre>pic</code> tags to provide a visual representation of the steps to be taken. <a href="https://markbind.org/userGuide/formattingContents.html#code"><strong>Code blocks</strong></a> can also be used as shown below.</p>
        </box>
        <pre><code class="hljs java" v-pre><span><span class="hljs-keyword">public</span> <span class="hljs-class"><span class="hljs-keyword">interface</span> <span class="hljs-title">Example</span> </span>{
</span><span>    <span class="hljs-comment">/**</span>
</span><span><span class="hljs-comment">     * Executes returns the output.</span>
</span><span><span class="hljs-comment">     * <span class="hljs-doctag">@param</span> exampleInput The input as entered by the user.</span>
</span><span><span class="hljs-comment">     * <span class="hljs-doctag">@return</span> The example output.</span>
</span><span><span class="hljs-comment">     * <span class="hljs-doctag">@throws</span> ExampleException If an error occurs.</span>
</span><span><span class="hljs-comment">     */</span>
</span><span>    <span class="hljs-function">ExampleOutput <span class="hljs-title">execute</span><span class="hljs-params">(String exampleInput)</span> <span class="hljs-keyword">throws</span> ExampleException</span>;
</span><span>...
</span><span>}
</span></code></pre>
        <h2 id="tracing-the-execution-path">Tracing the execution path<a class="fa fa-anchor" href="#tracing-the-execution-path" onclick="event.stopPropagation()"></a></h2>
        <box type="tip" seamless>
          <p><strong>Tip:</strong> You can use a list of steps to guide the reader through the process of tracing the execution path. This can be done using Markbind's <a href="https://markbind.org/userGuide/formattingContents.html#lists"><strong>Lists</strong></a> feature.</p>
        </box>
        <ol>
          <li>
            <p>Firstly, do this.</p>
          </li>
          <li>
            <p>Next, do that.</p>
          </li>
          <li>
            <p>Finally, do this.</p>
          </li>
        </ol>
        <h2 id="conclusion">Conclusion<a class="fa fa-anchor" href="#conclusion" onclick="event.stopPropagation()"></a></h2>
        <p>Here are some quick questions you can try to answer based on your execution path tracing. In some cases, you can do further tracing for the given commands to find exactly what happens.</p>
        <ol>
          <li>
            <p>In this tutorial, we traced the &quot;happy path&quot; (i.e., no errors). What
              do you think will happen if we traced the following
              instead? What exceptions do you think will be thrown (if any), where
              will the exceptions be thrown and where will they be handled?</p>
            <ol>
              <li>
                <p><code class="hljs inline no-lang" v-pre>Wrong input</code></p>
              </li>
              <li>
                <p><code class="hljs inline no-lang" v-pre>Wrong input</code></p>
              </li>
              <li>
                <p><code class="hljs inline no-lang" v-pre>Wrong input</code></p>
              </li>
            </ol>
          </li>
          <li>
            <p>What components will you have to modify to perform the following
              enhancements to the application?</p>
            <ol>
              <li>
                <p>Feature 1</p>
              </li>
              <li>
                <p>Feature 2</p>
              </li>
              <li>
                <p>Feature 3</p>
              </li>
            </ol>
          </li>
        </ol>
      </div>
      <overlay-source id="page-nav" tag-name="nav" to="page-nav">
        <div class="nav-component slim-scroll">

          <overlay-source id="mb-page-nav" tag-name="nav" to="mb-page-nav" class="nav nav-pills flex-column my-0 small no-flex-wrap">
            <a class="nav-link py-1" href="#tutorial-tracing-code" v-pre>Tutorial: Tracing code&#x200E;</a>
            <nav class="nav nav-pills flex-column my-0 nested no-flex-wrap">
              <a class="nav-link py-1" href="#before-we-start" v-pre>Before we start&#x200E;</a>
              <a class="nav-link py-1" href="#setting-a-breakpoint" v-pre>Setting a breakpoint&#x200E;</a>
              <a class="nav-link py-1" href="#tracing-the-execution-path" v-pre>Tracing the execution path&#x200E;</a>
              <a class="nav-link py-1" href="#conclusion" v-pre>Conclusion&#x200E;</a>
            </nav>

          </overlay-source>
        </div>
      </overlay-source>
      <scroll-top-button></scroll-top-button>
    </div>
    <footer>

      <div class="text-center">
        <small>[<span><strong>Powered by</strong></span> <img src="https://markbind.org/favicon.ico" width="30"> <a href="https://markbind.org/">MarkBind 5.2.0</a>]</small>
      </div>
    </footer>
  </div>
</body>
<script src="/markbind/js/bootstrap-utility.min.js"></script>
<script>
  MarkBind.setupWithSearch()
</script>

</html>