<!DOCTYPE html>
<html>

<head>
  <meta charset="utf-8">
  <meta http-equiv="X-UA-Compatible" content="IE=edge">
  <meta name="generator" content="MarkBind 5.2.0">
  <meta name="viewport" content="width=device-width, initial-scale=1">
  <title>Developer Guide - ProjectEx</title>
  <link rel="stylesheet" href="/markbind/css/bootstrap.min.css">
  <link rel="stylesheet" href="/markbind/fontawesome/css/all.min.css">
  <link rel="stylesheet" href="/markbind/glyphicons/css/bootstrap-glyphicons.min.css">
  <link rel="stylesheet" href="/markbind/css/codeblock-light.min.css">
  <link rel="stylesheet" href="/markbind/css/markbind.min.css">
  <script src="/markbind/js/polyfill.min.js"></script>
  <script src="/markbind/js/vue.min.js"></script>
  <script src="/markbind/js/markbind.min.js"></script>
  <script src="DeveloperGuide.page-vue-render.js"></script>
  <link rel="stylesheet" href="/plugins/markbind-plugin-anchors/markbind-plugin-anchors.css">
  <link rel="stylesheet" href="/plugins/markbind-plugin-tree/markbind-plugin-tree.css">

  <link rel="stylesheet" href="/stylesheets/main.css">
  <link rel="icon" href="/images/SeEduLogo.png">
</head>
<script>
  const baseUrl = ''
</script>

<body data-bs-spy="scroll" data-bs-target="#mb-page-nav" data-bs-offset="100">
  <div id="app">
    <header sticky>
      <navbar type="dark">
        <template #brand><a href="/index.html" title="Home" class="navbar-brand">ProjectEx</a></template>
        <li><a href="/UserGuide.html" class="nav-link">User Guide</a></li>
        <li><a href="/DeveloperGuide.html" class="nav-link">Developer Guide</a></li>
        <li><a href="/AboutUs.html" class="nav-link">About Us</a></li>
        <li><a href="https://github.com/se-edu" target="_blank" class="nav-link"><span><span aria-hidden="true" class="fab fa-github"></span></span></a></li>
        <template #right>
          <li>
            <form class="navbar-form">
              <searchbar :data="searchData" placeholder="Search" :on-hit="searchCallback" menu-align-right></searchbar>
            </form>
          </li>
        </template>
      </navbar>
    </header>
    <div id="flex-body">
      <overlay-source id="site-nav" tag-name="nav" to="site-nav">
        <div class="site-nav-top">
          <div class="fw-bold mb-2" style="font-size: 1.25rem;">Site Map</div>
        </div>
        <div class="nav-component slim-scroll">
          <site-nav>
            <overlay-source class="site-nav-list site-nav-list-root" tag-name="ul" to="mb-site-nav">
              <li>
                <div class="site-nav-default-list-item site-nav-list-item-0" onclick="handleSiteNavClick(this)"><a href="/index.html">Home</a></div>
              </li>
              <li>
                <div class="site-nav-default-list-item site-nav-list-item-0" onclick="handleSiteNavClick(this)"><a href="/UserGuide.html">User Guide</a>

                  <div class="site-nav-dropdown-btn-container"><i class="site-nav-dropdown-btn-icon site-nav-rotate-icon" onclick="handleSiteNavClick(this.parentNode.parentNode, false); event.stopPropagation();">
                      <span class="glyphicon glyphicon-menu-down" aria-hidden="true"></span>
                    </i></div>
                </div>
                <ul class="site-nav-dropdown-container site-nav-dropdown-container-open site-nav-list">
                  <li>
                    <div class="site-nav-default-list-item site-nav-list-item-1" onclick="handleSiteNavClick(this)"><a href="/UserGuide.html#quick-start">Quick Start</a></div>
                  </li>
                  <li>
                    <div class="site-nav-default-list-item site-nav-list-item-1" onclick="handleSiteNavClick(this)"><a href="/UserGuide.html#features">Features</a></div>
                  </li>
                  <li>
                    <div class="site-nav-default-list-item site-nav-list-item-1" onclick="handleSiteNavClick(this)"><a href="/UserGuide.html#faq">FAQ</a></div>
                  </li>
                </ul>
              </li>
              <li>
                <div class="site-nav-default-list-item site-nav-list-item-0" onclick="handleSiteNavClick(this)"><a href="/DeveloperGuide.html">Developer Guide</a>

                  <div class="site-nav-dropdown-btn-container"><i class="site-nav-dropdown-btn-icon site-nav-rotate-icon" onclick="handleSiteNavClick(this.parentNode.parentNode, false); event.stopPropagation();">
                      <span class="glyphicon glyphicon-menu-down" aria-hidden="true"></span>
                    </i></div>
                </div>
                <ul class="site-nav-dropdown-container site-nav-dropdown-container-open site-nav-list">
                  <li>
                    <div class="site-nav-default-list-item site-nav-list-item-1" onclick="handleSiteNavClick(this)"><a href="/DeveloperGuide.html#acknowledgements">Acknowledgements</a></div>
                  </li>
                  <li>
                    <div class="site-nav-default-list-item site-nav-list-item-1" onclick="handleSiteNavClick(this)"><a href="/DeveloperGuide.html#setting-up-getting-started">Setting Up</a></div>
                  </li>
                  <li>
                    <div class="site-nav-default-list-item site-nav-list-item-1" onclick="handleSiteNavClick(this)"><a href="/DeveloperGuide.html#design">Design</a></div>
                  </li>
                  <li>
                    <div class="site-nav-default-list-item site-nav-list-item-1" onclick="handleSiteNavClick(this)"><a href="/DeveloperGuide.html#implementation">Implementation</a></div>
                  </li>
                  <li>
                    <div class="site-nav-default-list-item site-nav-list-item-1" onclick="handleSiteNavClick(this)"><a href="/DeveloperGuide.html#project-guides">Project Guides</a></div>
                  </li>
                  <li>
                    <div class="site-nav-default-list-item site-nav-list-item-1" onclick="handleSiteNavClick(this)"><a href="/DeveloperGuide.html#appendix-requirements">Appendix: Requirements</a></div>
                  </li>
                  <li>
                    <div class="site-nav-default-list-item site-nav-list-item-1" onclick="handleSiteNavClick(this)"><a href="/DeveloperGuide.html#appendix-instructions-for-manual-testing">Appendix: Instructions for manual testing</a></div>
                  </li>
                </ul>
              </li>
              <li>
                <div class="site-nav-default-list-item site-nav-list-item-0" onclick="handleSiteNavClick(this)">Tutorials

                  <div class="site-nav-dropdown-btn-container"><i class="site-nav-dropdown-btn-icon" onclick="handleSiteNavClick(this.parentNode.parentNode, false); event.stopPropagation();">
                      <span class="glyphicon glyphicon-menu-down" aria-hidden="true"></span>
                    </i></div>
                </div>
                <ul class="site-nav-dropdown-container site-nav-list">
                  <li>
                    <div class="site-nav-default-list-item site-nav-list-item-1" onclick="handleSiteNavClick(this)"><a href="/tutorials/TracingCode.html">Tracing code</a></div>
                  </li>
                  <li>
                    <div class="site-nav-default-list-item site-nav-list-item-1" onclick="handleSiteNavClick(this)"><a href="/tutorials/AddingFeature.html">Adding feature</a></div>
                  </li>
                  <li>
                    <div class="site-nav-default-list-item site-nav-list-item-1" onclick="handleSiteNavClick(this)"><a href="/tutorials/RemovingFeature.html">Removing Feature</a></div>
                  </li>
                </ul>
              </li>
              <li>
                <div class="site-nav-default-list-item site-nav-list-item-0" onclick="handleSiteNavClick(this)"><a href="/AboutUs.html">About Us</a></div>
              </li>
            </overlay-source>
          </site-nav>
        </div>
      </overlay-source>
      <div id="content-wrapper">

        <h1 id="projectex-developer-guide">ProjectEx Developer Guide<a class="fa fa-anchor" href="#projectex-developer-guide" onclick="event.stopPropagation()"></a></h1>

        <div class="page-nav-print d-none d-print-block" v-pre></div>
        <hr>
        <h2 id="acknowledgements"><strong>Acknowledgements</strong><a class="fa fa-anchor" href="#acknowledgements" onclick="event.stopPropagation()"></a></h2>
        <p><em>{ list here sources of all reused/adapted ideas, code, documentation, and third-party libraries -- include links to the original source as well }</em></p>
        <hr>
        <h2 id="setting-up-getting-started"><strong>Setting up, getting started</strong><a class="fa fa-anchor" href="#setting-up-getting-started" onclick="event.stopPropagation()"></a></h2>
        <p>Refer to the guide <a href="/SettingUp.html"><em>Setting up and getting started</em></a>.</p>
        <hr>
        <h2 id="design"><strong>Design</strong><a class="fa fa-anchor" href="#design" onclick="event.stopPropagation()"></a></h2>
        <box type="tip">
          This section describes the architecture of your app, explaining how the main components work and interact with each other. Using architecture diagrams is recommended.
        </box>
        <h3 id="architecture">Architecture<a class="fa fa-anchor" href="#architecture" onclick="event.stopPropagation()"></a></h3>
        <p>The <em><strong>Architecture Diagram</strong></em> given below explains the high-level design of the ProjectEx App.</p>
        <img src="/images/johndoe.png" width="200px">
        <box type="info" seamless>
          <p>Architecture Diagram of your project created using <a href="https://markbind.org/userGuide/components/imagesAndDiagrams.html#diagrams"><code class="hljs inline no-lang" v-pre>puml</code></a> feature.</p>
        </box>
        <p>Given below is a quick overview of main components and how they interact with each other.</p>
        <p><strong>Main components of the architecture</strong></p>
        <p>The bulk of the app's work is done by the following four components:</p>
        <ul>
          <li><a href="#component-1"><strong><code class="hljs inline no-lang" v-pre>Component 1</code></strong></a>: Does something.</li>
          <li><a href="#component-2"><strong><code class="hljs inline no-lang" v-pre>Component 2</code></strong></a>: Does something.</li>
          <li><a href="#component-3"><strong><code class="hljs inline no-lang" v-pre>Component 3</code></strong></a>: Does something.</li>
        </ul>
        <p><strong>Interactions between architecture components</strong></p>
        <p>The <em>Sequence Diagram</em> below shows how the components interact with each other for a certain scenario.</p>
        <img src="/images/johndoe.png" width="200px">
        <box type="info" seamless>
          <p>Sequence Diagram of your project created using <a href="https://markbind.org/userGuide/components/imagesAndDiagrams.html#diagrams"><code class="hljs inline no-lang" v-pre>puml</code></a> feature.</p>
        </box>
        <p>The sections below give more details of each component.</p>
        <box type="tip" seamless>
          <p><strong>Tip:</strong> Describe in each section how each component works in detail, including its classes, methods, and how it interacts with other components.</p>
          <p>You can use a combination of Markbind's <a href="https://markbind.org/userGuide/components/imagesAndDiagrams.html#diagrams"><strong>Diagrams</strong></a> feature to provide a visual representation of each component, such as architecture and sequence diagrams.</p>
        </box>
        <h3 id="component-1">Component 1<a class="fa fa-anchor" href="#component-1" onclick="event.stopPropagation()"></a></h3>
        <p>Component 1 is made up of parts e.g.<code class="hljs inline no-lang" v-pre>A</code>, <code class="hljs inline no-lang" v-pre>B</code>, <code class="hljs inline no-lang" v-pre>C</code> etc.</p>
        <img src="/images/johndoe.png" width="200px">
        <box type="info" seamless>
          Diagram of Component 1
        </box>
        <p>Component 1,</p>
        <ul>
          <li>works with the Component 2 in this way.</li>
          <li>works with the Component 3 in this way.</li>
        </ul>
        <h3 id="component-2">Component 2<a class="fa fa-anchor" href="#component-2" onclick="event.stopPropagation()"></a></h3>
        <box type="info" seamless>
          <p><strong>Note:</strong> The lifeline in the sequence diagram should end at the destroy marker (X) but due to a limitation of PlantUML, the lifeline reaches the end of diagram.</p>
        </box>
        <img src="/images/johndoe.png" width="200px">
        <box type="info" seamless>
          Diagram of Component 2
        </box>
        <p>Component 2,</p>
        <ul>
          <li>works with the Component 1 in this way.</li>
          <li>works with the Component 3 in this way.</li>
        </ul>
        <h3 id="component-3">Component 3<a class="fa fa-anchor" href="#component-3" onclick="event.stopPropagation()"></a></h3>
        <img src="/images/johndoe.png" width="200px">
        <box type="info" seamless>
          Diagram of Component 3
        </box>
        <p>Component 3,</p>
        <ul>
          <li>works with the Component 1 in this way.</li>
          <li>works with the Component 2 in this way.</li>
        </ul>
        <hr>
        <h2 id="implementation"><strong>Implementation</strong><a class="fa fa-anchor" href="#implementation" onclick="event.stopPropagation()"></a></h2>
        <p>This section describes some noteworthy details on how certain features are implemented.</p>
        <h3 id="proposed-featurex">[Proposed] FeatureX<a class="fa fa-anchor" href="#proposed-featurex" onclick="event.stopPropagation()"></a></h3>
        <h4 id="proposed-implementation">Proposed Implementation<a class="fa fa-anchor" href="#proposed-implementation" onclick="event.stopPropagation()"></a></h4>
        <p><em>{Explain here how the feature will be implemented}</em></p>
        <p>Given below is an example usage scenario and how FeatureX behaves at each step.</p>
        <ol>
          <li>
            <p><strong>Step 1</strong>: User does something</p>
            <ul>
              <li><strong>Expected</strong>: FeatureX does something in response</li>
            </ul>
          </li>
          <li>
            <p><strong>Step 2</strong>: User does something else</p>
            <ul>
              <li><strong>Expected</strong>: FeatureX does something else in response</li>
            </ul>
          </li>
        </ol>
        <h4 id="design-considerations">Design considerations:<a class="fa fa-anchor" href="#design-considerations" onclick="event.stopPropagation()"></a></h4>
        <p><strong>Aspect: How FeatureX executes:</strong></p>
        <ul>
          <li>
            <p><strong>Alternative 1 (current choice):</strong> Implementation 1</p>
            <ul>
              <li>Pros: Easy to implement.</li>
              <li>Cons: May have performance issues in terms of memory usage.</li>
            </ul>
          </li>
          <li>
            <p><strong>Alternative 2:</strong> Implementation 2</p>
            <ul>
              <li>Pros: Will use less memory.</li>
              <li>Cons: We must add addtional test cases.</li>
            </ul>
          </li>
        </ul>
        <p><em>{more aspects and alternatives to be added}</em></p>
        <h3 id="proposed-data-archiving">[Proposed] Data archiving<a class="fa fa-anchor" href="#proposed-data-archiving" onclick="event.stopPropagation()"></a></h3>
        <p><em>{Explain here how the data archiving feature will be implemented}</em></p>
        <hr>
        <h2 id="project-guides"><strong>Project Guides</strong><a class="fa fa-anchor" href="#project-guides" onclick="event.stopPropagation()"></a></h2>
        <ul>
          <li><a href="/Documentation.html">Documentation guide</a></li>
          <li><a href="/Testing.html">Testing guide</a></li>
          <li><a href="/Logging.html">Logging guide</a></li>
          <li><a href="/Configuration.html">Configuration guide</a></li>
          <li><a href="/DevOps.html">DevOps guide</a></li>
        </ul>
        <hr>
        <h2 id="appendix-requirements"><strong>Appendix: Requirements</strong><a class="fa fa-anchor" href="#appendix-requirements" onclick="event.stopPropagation()"></a></h2>
        <h3 id="product-scope">Product scope<a class="fa fa-anchor" href="#product-scope" onclick="event.stopPropagation()"></a></h3>
        <p><strong>Target user profile</strong>:</p>
        <ul>
          <li>user needs</li>
          <li>user preferences</li>
          <li>user information</li>
        </ul>
        <p><strong>Value proposition</strong>: Benefit compared to other similar products</p>
        <h3 id="user-stories">User stories<a class="fa fa-anchor" href="#user-stories" onclick="event.stopPropagation()"></a></h3>
        <p>Priorities: High (must have) - <code class="hljs inline no-lang" v-pre>* * *</code>, Medium (nice to have) - <code class="hljs inline no-lang" v-pre>* *</code>, Low (unlikely to have) - <code class="hljs inline no-lang" v-pre>*</code></p>
        <div class="table-responsive">
          <table class="markbind-table table table-bordered table-striped">
            <thead>
              <tr>
                <th>Priority</th>
                <th>As a …​</th>
                <th>I want to …​</th>
                <th>So that I can…​</th>
              </tr>
            </thead>
            <tbody>
              <tr>
                <td><code class="hljs inline no-lang" v-pre>* * *</code></td>
                <td>new user</td>
                <td>see something</td>
                <td>visualise something</td>
              </tr>
              <tr>
                <td><code class="hljs inline no-lang" v-pre>* *</code></td>
                <td>user</td>
                <td>do something</td>
                <td>complete something</td>
              </tr>
              <tr>
                <td><code class="hljs inline no-lang" v-pre>*</code></td>
                <td>user with specific information</td>
                <td>sort something</td>
                <td>find something</td>
              </tr>
            </tbody>
          </table>
        </div>
        <p><em>{More to be added}</em></p>
        <h3 id="use-cases">Use cases<a class="fa fa-anchor" href="#use-cases" onclick="event.stopPropagation()"></a></h3>
        <p>(For all use cases below, the <strong>System</strong> is the <code class="hljs inline no-lang" v-pre>ProjectEx</code> and the <strong>Actor</strong> is the <code class="hljs inline no-lang" v-pre>User</code>, unless specified otherwise)</p>
        <p><strong>Use case: Do something</strong></p>
        <p><strong>MSS</strong></p>
        <ol>
          <li>
            <p>User requests ProjectEx</p>
          </li>
          <li>
            <p>ProjectEx provides response</p>
            <p>Use case ends.</p>
          </li>
        </ol>
        <p><strong>Extensions</strong></p>
        <ul>
          <li>
            <p>2a. Requests fails.</p>
            <p>Use case ends.</p>
          </li>
          <li>
            <p>3a. User request is invalid.</p>
            <ul>
              <li>
                <p>3a1. ProjectEx shows an error message.</p>
                <p>Use case resumes at step 2.</p>
              </li>
            </ul>
          </li>
        </ul>
        <p><em>{More to be added}</em></p>
        <h3 id="non-functional-requirements">Non-Functional Requirements<a class="fa fa-anchor" href="#non-functional-requirements" onclick="event.stopPropagation()"></a></h3>
        <ol>
          <li>Should work on any <em>mainstream OS</em> as long as it has Java <code class="hljs inline no-lang" v-pre>11</code> or above installed.</li>
          <li>Should be able to hold up to 1000 persons without a noticeable sluggishness in performance for typical usage.</li>
        </ol>
        <p><em>{More to be added}</em></p>
        <h3 id="glossary">Glossary<a class="fa fa-anchor" href="#glossary" onclick="event.stopPropagation()"></a></h3>
        <box type="tip" seamless>
          <p><strong>Tip:</strong>
            This section can be used to define technical terms or concepts that are specific to the project.</p>
        </box>
        <ul>
          <li><strong>Mainstream OS</strong>: Windows, Linux, Unix, OS-X</li>
        </ul>
        <hr>
        <h2 id="appendix-instructions-for-manual-testing"><strong>Appendix: Instructions for manual testing</strong><a class="fa fa-anchor" href="#appendix-instructions-for-manual-testing" onclick="event.stopPropagation()"></a></h2>
        <p>Given below are instructions to test the app manually.</p>
        <box type="info" seamless>
          <p><strong>Note:</strong> These instructions only provide a starting point for testers to work on;
            testers are expected to do more <em>exploratory</em> testing.</p>
        </box>
        <h3 id="launch-and-shutdown">Launch and shutdown<a class="fa fa-anchor" href="#launch-and-shutdown" onclick="event.stopPropagation()"></a></h3>
        <ol>
          <li>
            <p>Initial launch</p>
            <ol>
              <li>
                <p>How to download the app</p>
              </li>
              <li>
                <p>How to run the app</p>
              </li>
            </ol>
          </li>
          <li>
            <p>Shutdown</p>
            <ol>
              <li>
                <p>On close attempt, prompt to confirm closing will pop up</p>
              </li>
              <li>
                <p>Click confirm to close app</p>
              </li>
            </ol>
          </li>
          <li>
            <p><em>{ more test cases …​ }</em></p>
          </li>
        </ol>
        <h3 id="featurex">FeatureX<a class="fa fa-anchor" href="#featurex" onclick="event.stopPropagation()"></a></h3>
        <ol>
          <li>
            <p>Using FeatureX</p>
            <ol>
              <li>
                <p>Prerequisites to use feature.</p>
              </li>
              <li>
                <p>Test case: Do something with FeatureX
                  Expected: Visual output or change after test.</p>
              </li>
              <li>
                <p>Test case: Do something else with FeatureX
                  Expected: Error pops up.</p>
              </li>
            </ol>
          </li>
          <li>
            <p><em>{ more test cases …​ }</em></p>
          </li>
        </ol>
        <h3 id="saving-data">Saving data<a class="fa fa-anchor" href="#saving-data" onclick="event.stopPropagation()"></a></h3>
        <ol>
          <li>
            <p>Dealing with missing/corrupted data files</p>
            <ol>
              <li><em>{explain how to simulate a missing/corrupted file, and the expected behavior}</em></li>
            </ol>
          </li>
          <li>
            <p><em>{ more test cases …​ }</em></p>
          </li>
        </ol>
      </div>
      <overlay-source id="page-nav" tag-name="nav" to="page-nav">
        <div class="nav-component slim-scroll">

          <overlay-source id="mb-page-nav" tag-name="nav" to="mb-page-nav" class="nav nav-pills flex-column my-0 small no-flex-wrap">
            <a class="nav-link py-1" href="#projectex-developer-guide" v-pre>ProjectEx Developer Guide&#x200E;</a>
            <nav class="nav nav-pills flex-column my-0 nested no-flex-wrap">
              <a class="nav-link py-1" href="#acknowledgements" v-pre>Acknowledgements&#x200E;</a>
              <a class="nav-link py-1" href="#setting-up-getting-started" v-pre>Setting up, getting started&#x200E;</a>
              <a class="nav-link py-1" href="#design" v-pre>Design&#x200E;</a>
              <nav class="nav nav-pills flex-column my-0 nested no-flex-wrap">
                <a class="nav-link py-1" href="#architecture" v-pre>Architecture&#x200E;</a>
                <a class="nav-link py-1" href="#component-1" v-pre>Component 1&#x200E;</a>
                <a class="nav-link py-1" href="#component-2" v-pre>Component 2&#x200E;</a>
                <a class="nav-link py-1" href="#component-3" v-pre>Component 3&#x200E;</a>
              </nav>
              <a class="nav-link py-1" href="#implementation" v-pre>Implementation&#x200E;</a>
              <nav class="nav nav-pills flex-column my-0 nested no-flex-wrap">
                <a class="nav-link py-1" href="#proposed-featurex" v-pre>[Proposed] FeatureX&#x200E;</a>
                <a class="nav-link py-1" href="#proposed-data-archiving" v-pre>[Proposed] Data archiving&#x200E;</a>
              </nav>
              <a class="nav-link py-1" href="#project-guides" v-pre>Project Guides&#x200E;</a>
              <a class="nav-link py-1" href="#appendix-requirements" v-pre>Appendix: Requirements&#x200E;</a>
              <nav class="nav nav-pills flex-column my-0 nested no-flex-wrap">
                <a class="nav-link py-1" href="#product-scope" v-pre>Product scope&#x200E;</a>
                <a class="nav-link py-1" href="#user-stories" v-pre>User stories&#x200E;</a>
                <a class="nav-link py-1" href="#use-cases" v-pre>Use cases&#x200E;</a>
                <a class="nav-link py-1" href="#non-functional-requirements" v-pre>Non-Functional Requirements&#x200E;</a>
                <a class="nav-link py-1" href="#glossary" v-pre>Glossary&#x200E;</a>
              </nav>
              <a class="nav-link py-1" href="#appendix-instructions-for-manual-testing" v-pre>Appendix: Instructions for manual testing&#x200E;</a>
              <nav class="nav nav-pills flex-column my-0 nested no-flex-wrap">
                <a class="nav-link py-1" href="#launch-and-shutdown" v-pre>Launch and shutdown&#x200E;</a>
                <a class="nav-link py-1" href="#featurex" v-pre>FeatureX&#x200E;</a>
                <a class="nav-link py-1" href="#saving-data" v-pre>Saving data&#x200E;</a>
              </nav>
            </nav>

          </overlay-source>
        </div>
      </overlay-source>
      <scroll-top-button></scroll-top-button>
    </div>
    <footer>

      <div class="text-center">
        <small>[<span><strong>Powered by</strong></span> <img src="https://markbind.org/favicon.ico" width="30"> <a href="https://markbind.org/">MarkBind 5.2.0</a>]</small>
      </div>
    </footer>
  </div>
</body>
<script src="/markbind/js/bootstrap-utility.min.js"></script>
<script>
  MarkBind.setupWithSearch()
</script>

</html>