{
  "enableSearch": true,
  "pages": [
    {
      "src": "AboutUs.md",
      "title": "About Us",
      "headings": {
        "about-us": "About Us",
        "project-team": "Project team",
        "john-doe": "John Doe",
        "jane-doe": "Jane Doe",
        "johnny-doe": "Johnny Doe",
        "jean-doe": "Jean Doe",
        "james-doe": "James Doe"
      },
      "headingKeywords": {}
    },
    {
      "src": "Configuration.md",
      "title": "Configuration guide",
      "headings": {
        "configuration-guide": "Configuration guide"
      },
      "headingKeywords": {}
    },
    {
      "src": "Design.md",
      "title": "Design",
      "headings": {
        "design": "Design",
        "architecture": "Architecture",
        "component-1": "Component 1",
        "component-2": "Component 2"
      },
      "headingKeywords": {}
    },
    {
      "src": "DevOps.md",
      "title": "DevOps guide",
      "headings": {
        "devops-guide": "DevOps guide",
        "build-automation": "Build automation",
        "continuous-integration-ci": "Continuous integration (CI)",
        "code-coverage": "Code coverage",
        "repository-wide-checks": "Repository-wide checks",
        "making-a-release": "Making a release"
      },
      "headingKeywords": {}
    },
    {
      "src": "DeveloperGuide.md",
      "title": "Developer Guide",
      "headings": {
        "projectex-developer-guide": "ProjectEx Developer Guide",
        "acknowledgements": "Acknowledgements"
      },
      "headingKeywords": {}
    },
    {
      "src": "Documentation.md",
      "title": "Documentation guide",
      "headings": {
        "documentation-guide": "Documentation Guide"
      },
      "headingKeywords": {}
    },
    {
      "src": "FAQ.md",
      "title": "FAQ",
      "headings": {
        "faq": "FAQ"
      },
      "headingKeywords": {}
    },
    {
      "src": "Features.md",
      "title": "Features",
      "headings": {
        "features": "Features",
        "featurex": "FeatureX",
        "y-feature": "Y Feature",
        "future-feature-z-coming-in-v2-0": "Future Feature Z [coming in v2.0]"
      },
      "headingKeywords": {}
    },
    {
      "src": "Implementation.md",
      "title": "Implementation",
      "headings": {
        "implementation": "Implementation",
        "proposed-featurex-implementation": "[Proposed] FeatureX Implementation",
        "proposed-data-archiving": "[Proposed] Data archiving"
      },
      "headingKeywords": {}
    },
    {
      "src": "ManualTestingInstructions.md",
      "title": "Manual Testing Instructions",
      "headings": {
        "manual-testing-instructions": "Manual Testing Instructions",
        "launch-and-shutdown": "Launch and shutdown",
        "featurex": "FeatureX",
        "saving-data": "Saving data"
      },
      "headingKeywords": {}
    },
    {
      "src": "QuickStart.md",
      "title": "Quick Start",
      "headings": {
        "quick-start": "Quick start"
      },
      "headingKeywords": {}
    },
    {
      "src": "Requirements.md",
      "title": "Requirements",
      "headings": {
        "requirements": "Requirements",
        "product-scope": "Product scope",
        "user-stories": "User stories",
        "use-cases": "Use cases",
        "non-functional-requirements": "Non-Functional Requirements"
      },
      "headingKeywords": {}
    },
    {
      "src": "SettingUp.md",
      "title": "Setting up and getting started",
      "headings": {
        "setting-up-and-getting-started": "Setting up and getting started",
        "setting-up-the-project-in-your-computer": "Setting up the project in your computer",
        "before-writing-code": "Before writing code"
      },
      "headingKeywords": {}
    },
    {
      "src": "Testing.md",
      "title": "Testing guide",
      "headings": {
        "testing-guide": "Testing guide",
        "running-tests": "Running tests",
        "types-of-tests": "Types of tests"
      },
      "headingKeywords": {}
    },
    {
      "src": "TracingCode.md",
      "title": "Tutorial: Tracing code",
      "headings": {
        "tutorial-tracing-code": "Tutorial: Tracing code",
        "before-we-start": "Before we start",
        "setting-a-breakpoint": "Setting a breakpoint",
        "tracing-the-execution-path": "Tracing the execution path",
        "conclusion": "Conclusion"
      },
      "headingKeywords": {}
    },
    {
      "src": "UserGuide.md",
      "title": "User Guide",
      "headings": {
        "projectex-user-guide": "ProjectEx User Guide"
      },
      "headingKeywords": {}
    },
    {
      "src": "index.md",
      "title": "",
      "headings": {
        "projectex": "ProjectEx"
      },
      "headingKeywords": {}
    },
    {
      "src": "team/johndoe.md",
      "title": "John Doe's Project Portfolio Page",
      "headings": {
        "project-projectex": "Project: ProjectEx"
      },
      "headingKeywords": {}
    }
  ]
}
