<!DOCTYPE html>
<html>

<head>
  <meta charset="utf-8">
  <meta http-equiv="X-UA-Compatible" content="IE=edge">
  <meta name="generator" content="MarkBind 5.2.0">
  <meta name="viewport" content="width=device-width, initial-scale=1">
  <title>Testing guide - ProjectEx</title>
  <link rel="stylesheet" href="/markbind/css/bootstrap.min.css">
  <link rel="stylesheet" href="/markbind/fontawesome/css/all.min.css">
  <link rel="stylesheet" href="/markbind/glyphicons/css/bootstrap-glyphicons.min.css">
  <link rel="stylesheet" href="/markbind/css/codeblock-light.min.css">
  <link rel="stylesheet" href="/markbind/css/markbind.min.css">
  <script src="/markbind/js/polyfill.min.js"></script>
  <script src="/markbind/js/vue.min.js"></script>
  <script src="/markbind/js/markbind.min.js"></script>
  <script src="Testing.page-vue-render.js"></script>
  <link rel="stylesheet" href="/plugins/markbind-plugin-anchors/markbind-plugin-anchors.css">
  <link rel="stylesheet" href="/plugins/markbind-plugin-tree/markbind-plugin-tree.css">

  <link rel="stylesheet" href="/stylesheets/main.css">
  <link rel="icon" href="/images/SeEduLogo.png">
</head>
<script>
  const baseUrl = ''
</script>

<body data-bs-spy="scroll" data-bs-target="#mb-page-nav" data-bs-offset="100">
  <div id="app">
    <header sticky>
      <navbar type="dark">
        <template #brand><a href="/index.html" title="Home" class="navbar-brand">ProjectEx</a></template>
        <li><a href="/UserGuide.html" class="nav-link">User Guide</a></li>
        <li><a href="/DeveloperGuide.html" class="nav-link">Developer Guide</a></li>
        <li><a href="/AboutUs.html" class="nav-link">About Us</a></li>
        <li><a href="https://github.com/se-edu" target="_blank" class="nav-link"><span><span aria-hidden="true" class="fab fa-github"></span></span></a></li>
        <template #right>
          <li>
            <form class="navbar-form">
              <searchbar :data="searchData" placeholder="Search" :on-hit="searchCallback" menu-align-right></searchbar>
            </form>
          </li>
        </template>
      </navbar>
    </header>
    <div id="flex-body">
      <overlay-source id="site-nav" tag-name="nav" to="site-nav">
        <div class="site-nav-top">
          <div class="fw-bold mb-2" style="font-size: 1.25rem;">Site Map</div>
        </div>
        <div class="nav-component slim-scroll">
          <site-nav>
            <overlay-source class="site-nav-list site-nav-list-root" tag-name="ul" to="mb-site-nav">
              <li>
                <div class="site-nav-default-list-item site-nav-list-item-0" onclick="handleSiteNavClick(this)"><a href="/index.html">Home</a></div>
              </li>
              <li>
                <div class="site-nav-default-list-item site-nav-list-item-0" onclick="handleSiteNavClick(this)"><a href="/UserGuide.html">User Guide</a>

                  <div class="site-nav-dropdown-btn-container"><i class="site-nav-dropdown-btn-icon site-nav-rotate-icon" onclick="handleSiteNavClick(this.parentNode.parentNode, false); event.stopPropagation();">
                      <span class="glyphicon glyphicon-menu-down" aria-hidden="true"></span>
                    </i></div>
                </div>
                <ul class="site-nav-dropdown-container site-nav-dropdown-container-open site-nav-list">
                  <li>
                    <div class="site-nav-default-list-item site-nav-list-item-1" onclick="handleSiteNavClick(this)"><a href="/QuickStart.html">Quick Start</a></div>
                  </li>
                  <li>
                    <div class="site-nav-default-list-item site-nav-list-item-1" onclick="handleSiteNavClick(this)"><a href="/Features.html">Features</a></div>
                  </li>
                  <li>
                    <div class="site-nav-default-list-item site-nav-list-item-1" onclick="handleSiteNavClick(this)"><a href="/FAQ.html">FAQ</a></div>
                  </li>
                </ul>
              </li>
              <li>
                <div class="site-nav-default-list-item site-nav-list-item-0" onclick="handleSiteNavClick(this)"><a href="/DeveloperGuide.html">Developer Guide</a>

                  <div class="site-nav-dropdown-btn-container"><i class="site-nav-dropdown-btn-icon site-nav-rotate-icon" onclick="handleSiteNavClick(this.parentNode.parentNode, false); event.stopPropagation();">
                      <span class="glyphicon glyphicon-menu-down" aria-hidden="true"></span>
                    </i></div>
                </div>
                <ul class="site-nav-dropdown-container site-nav-dropdown-container-open site-nav-list">
                  <li>
                    <div class="site-nav-default-list-item site-nav-list-item-1" onclick="handleSiteNavClick(this)"><a href="/SettingUp.html">Setting Up</a></div>
                  </li>
                  <li>
                    <div class="site-nav-default-list-item site-nav-list-item-1" onclick="handleSiteNavClick(this)"><a href="/Design.html">Design</a></div>
                  </li>
                  <li>
                    <div class="site-nav-default-list-item site-nav-list-item-1" onclick="handleSiteNavClick(this)"><a href="/Implementation.html">Implementation</a></div>
                  </li>
                  <li>
                    <div class="site-nav-default-list-item site-nav-list-item-1" onclick="handleSiteNavClick(this)">Project Guides

                      <div class="site-nav-dropdown-btn-container"><i class="site-nav-dropdown-btn-icon" onclick="handleSiteNavClick(this.parentNode.parentNode, false); event.stopPropagation();">
                          <span class="glyphicon glyphicon-menu-down" aria-hidden="true"></span>
                        </i></div>
                    </div>
                    <ul class="site-nav-dropdown-container site-nav-list">
                      <li>
                        <div class="site-nav-default-list-item site-nav-list-item-2" onclick="handleSiteNavClick(this)"><a href="/Documentation.html">Documentation</a></div>
                      </li>
                      <li>
                        <div class="site-nav-default-list-item site-nav-list-item-2" onclick="handleSiteNavClick(this)"><a href="/Testing.html">Testing</a></div>
                      </li>
                      <li>
                        <div class="site-nav-default-list-item site-nav-list-item-2" onclick="handleSiteNavClick(this)"><a href="/Configuration.html">Configuration</a></div>
                      </li>
                      <li>
                        <div class="site-nav-default-list-item site-nav-list-item-2" onclick="handleSiteNavClick(this)"><a href="/DevOps.html">DevOps</a></div>
                      </li>
                    </ul>
                  </li>
                  <li>
                    <div class="site-nav-default-list-item site-nav-list-item-1" onclick="handleSiteNavClick(this)">Appendix

                      <div class="site-nav-dropdown-btn-container"><i class="site-nav-dropdown-btn-icon" onclick="handleSiteNavClick(this.parentNode.parentNode, false); event.stopPropagation();">
                          <span class="glyphicon glyphicon-menu-down" aria-hidden="true"></span>
                        </i></div>
                    </div>
                    <ul class="site-nav-dropdown-container site-nav-list">
                      <li>
                        <div class="site-nav-default-list-item site-nav-list-item-2" onclick="handleSiteNavClick(this)"><a href="/Requirements.html">Requirements</a></div>
                      </li>
                      <li>
                        <div class="site-nav-default-list-item site-nav-list-item-2" onclick="handleSiteNavClick(this)"><a href="/ManualTestingInstructions.html">Manual Testing Instructions</a></div>
                      </li>
                    </ul>
                  </li>
                </ul>
              </li>
              <li>
                <div class="site-nav-default-list-item site-nav-list-item-0" onclick="handleSiteNavClick(this)"><a href="/TracingCode.html">Tutorial: Tracing code</a></div>
              </li>
              <li>
                <div class="site-nav-default-list-item site-nav-list-item-0" onclick="handleSiteNavClick(this)"><a href="/AboutUs.html">About Us</a>

                  <div class="site-nav-dropdown-btn-container"><i class="site-nav-dropdown-btn-icon site-nav-rotate-icon" onclick="handleSiteNavClick(this.parentNode.parentNode, false); event.stopPropagation();">
                      <span class="glyphicon glyphicon-menu-down" aria-hidden="true"></span>
                    </i></div>
                </div>
                <ul class="site-nav-dropdown-container site-nav-dropdown-container-open site-nav-list">
                  <li>
                    <div class="site-nav-default-list-item site-nav-list-item-1" onclick="handleSiteNavClick(this)"><a href="/team/johndoe.html">Contributor Portfolio</a></div>
                  </li>
                </ul>
              </li>
            </overlay-source>
          </site-nav>
        </div>
      </overlay-source>
      <div id="content-wrapper">

        <h1 id="testing-guide">Testing guide<a class="fa fa-anchor" href="#testing-guide" onclick="event.stopPropagation()"></a></h1>

        <div class="page-nav-print d-none d-print-block" v-pre></div>

        <box type="tip">
          This page can be used to understand the testing processes.
        </box>
        <h2 id="running-tests">Running tests<a class="fa fa-anchor" href="#running-tests" onclick="event.stopPropagation()"></a></h2>
        <ul>
          <li><strong>Method 1: Using script</strong>
            <ul>
              <li>Create script for running tests in package.json</li>
              <li>Open a console and run the command for the script, like <code class="hljs inline no-lang" v-pre>npm run test</code></li>
            </ul>
          </li>
        </ul>
        <hr>
        <h2 id="types-of-tests">Types of tests<a class="fa fa-anchor" href="#types-of-tests" onclick="event.stopPropagation()"></a></h2>
        <p>This project has two types of tests:</p>
        <panel><template #header>
            <p><strong>1. Unit tests</strong></p>
          </template>
          <p>These tests are targeting the lowest level methods/classes.</p>
        </panel>
        <br>
        <panel><template #header>
            <p><strong>2. Integration tests</strong></p>
          </template>
          <p>These tests are checking the integration of multiple code units (those code units are assumed to be working).</p>
        </panel>
      </div>
      <overlay-source id="page-nav" tag-name="nav" to="page-nav">
        <div class="nav-component slim-scroll">

          <overlay-source id="mb-page-nav" tag-name="nav" to="mb-page-nav" class="nav nav-pills flex-column my-0 small no-flex-wrap">
            <a class="nav-link py-1" href="#testing-guide" v-pre>Testing guide&#x200E;</a>
            <nav class="nav nav-pills flex-column my-0 nested no-flex-wrap">
              <a class="nav-link py-1" href="#running-tests" v-pre>Running tests&#x200E;</a>
              <a class="nav-link py-1" href="#types-of-tests" v-pre>Types of tests&#x200E;</a>
            </nav>

          </overlay-source>
        </div>
      </overlay-source>
      <scroll-top-button></scroll-top-button>
    </div>
    <footer>

      <div class="text-center">
        <small>[<span><strong>Powered by</strong></span> <img src="https://markbind.org/favicon.ico" width="30"> <a href="https://markbind.org/">MarkBind 5.2.0</a>]</small>
      </div>
    </footer>
  </div>
</body>
<script src="/markbind/js/bootstrap-utility.min.js"></script>
<script>
  MarkBind.setupWithSearch()
</script>

</html>